app.py
input.txt
output.txt
/home/ec2-user/test
docker0: flags=4099<UP,BROADCAST,MULTICAST>  mtu 1500
        inet 172.17.0.1  netmask 255.255.0.0  broadcast 172.17.255.255
        inet6 fe80::42:9fff:fe18:82a6  prefixlen 64  scopeid 0x20<link>
        ether 02:42:9f:18:82:a6  txqueuelen 0  (Ethernet)
        RX packets 1965  bytes 612010 (597.6 KiB)
        RX errors 0  dropped 0  overruns 0  frame 0
        TX packets 2505  bytes 262324 (256.1 KiB)
        TX errors 0  dropped 0 overruns 0  carrier 0  collisions 0

eth0: flags=4163<UP,BROADCAST,RUNNING,MULTICAST>  mtu 9001
        inet 172.31.7.237  netmask 255.255.240.0  broadcast 172.31.15.255
        inet6 fe80::8c8:a9ff:fea2:904e  prefixlen 64  scopeid 0x20<link>
        ether 0a:c8:a9:a2:90:4e  txqueuelen 1000  (Ethernet)
        RX packets 971787  bytes 1088746624 (1.0 GiB)
        RX errors 0  dropped 0  overruns 0  frame 0
        TX packets 429577  bytes 60895929 (58.0 MiB)
        TX errors 0  dropped 0 overruns 0  carrier 0  collisions 0

lo: flags=73<UP,LOOPBACK,RUNNING>  mtu 65536
        inet 127.0.0.1  netmask 255.0.0.0
        inet6 ::1  prefixlen 128  scopeid 0x10<host>
        loop  txqueuelen 1000  (Local Loopback)
        RX packets 38  bytes 2490 (2.4 KiB)
        RX errors 0  dropped 0  overruns 0  frame 0
        TX packets 38  bytes 2490 (2.4 KiB)
        TX errors 0  dropped 0 overruns 0  carrier 0  collisions 0

ip-172-31-7-237.ap-south-1.compute.internal
              total        used        free      shared  buff/cache   available
Mem:              0           0           0           0           0           0
Swap:             0           0           0
Filesystem      Size  Used Avail Use% Mounted on
devtmpfs        484M     0  484M   0% /dev
tmpfs           492M     0  492M   0% /dev/shm
tmpfs           492M  424K  491M   1% /run
tmpfs           492M     0  492M   0% /sys/fs/cgroup
/dev/xvda1      8.0G  2.6G  5.5G  32% /
tmpfs            99M     0   99M   0% /run/user/1000
